# VR-4.2: three levels consumed and both sides end empty, with no level left behind.
ACCEPTED #1 RESTED
ACCEPTED #2 RESTED
ACCEPTED #3 RESTED
TRADE seq=5 aggressor=#4 resting=#1 price=100 qty=5
TRADE seq=6 aggressor=#4 resting=#2 price=101 qty=5
TRADE seq=7 aggressor=#4 resting=#3 price=102 qty=5
ACCEPTED #4 FILLED
BOOK BID empty
BOOK ASK empty
